---
source: crates/phactory/src/system/mod.rs
assertion_line: 2039
expression: messages
---
[
    (
        0,
        Message {
            sender: Cluster(
                0x0000000000000000000000000000000000000000000000000000000000000000,
            ),
            destination: ^phala/registry/contract,
            payload: [
                0,
                106,
                54,
                146,
                198,
                207,
                203,
                233,
                203,
                97,
                254,
                14,
                227,
                100,
                155,
                172,
                41,
                31,
                100,
                217,
                51,
                160,
                132,
                167,
                65,
                144,
                8,
                38,
                245,
                91,
                57,
                96,
                197,
                234,
                241,
                106,
                129,
                48,
                115,
                162,
                95,
                236,
                55,
                242,
                184,
                203,
                136,
                71,
                67,
                192,
                176,
                213,
                28,
                194,
                198,
                196,
                158,
                75,
                84,
                41,
                54,
                127,
                19,
                35,
                11,
                1,
                1,
                1,
                1,
                1,
                1,
                1,
                1,
                1,
                1,
                1,
                1,
                1,
                1,
                1,
                1,
                1,
                1,
                1,
                1,
                1,
                1,
                1,
                1,
                1,
                1,
                1,
                1,
                1,
                1,
                1,
                1,
            ],
        },
    ),
]
